Kani Rust Verifier 0.67.0 (cargo plugin)
CBMC 6.11.0
   Compiling websocket-core v0.0.0 (<staged-workspace>/subject/rust/connection-core)
warning: use of an unstable feature
 --> <crate attribute>:1:12
  |
1 | #![feature(register_tool)]
  |            ^^^^^^^^^^^^^
  |
  = note: requested on the command line with `--force-warn unstable-features`

    Finished `dev` profile [unoptimized + debuginfo] target(s) in <elapsed>
Checking harness close::proofs::prove_close_code_classification...

VERIFICATION RESULT:
 ** 1 of 398 failed
Failed Checks: assertion failed: validate_code(code, sender) == expected
 File: "connection-core/src/close.rs", line 404, in close::proofs::prove_close_code_classification

VERIFICATION:- FAILED
Verification Time: <elapsed>

Manual Harness Summary:
Verification failed for - close::proofs::prove_close_code_classification
Complete - 0 successfully verified harnesses, 1 failures, 1 total.
