Kani Rust Verifier 0.67.0 (cargo plugin)
CBMC 6.11.0
   Compiling websocket-core v0.0.0 (<staged-workspace>/subject/rust/connection-core)
warning: unused variable: `payload`
   --> connection-core/src/fragment.rs:326:9
    |
326 |         payload: &[u8],
    |         ^^^^^^^ help: if this is intentional, prefix it with an underscore: `_payload`
    |
    = note: `#[warn(unused_variables)]` (part of `#[warn(unused)]`) on by default

warning: use of an unstable feature
 --> <crate attribute>:1:12
  |
1 | #![feature(register_tool)]
  |            ^^^^^^^^^^^^^
  |
  = note: requested on the command line with `--force-warn unstable-features`

warning: Found the following unsupported constructs:
             - caller_location (1)
             - foreign function (2)
         
         Verification will fail if one or more of these constructs is reachable.
         See https://model-checking.github.io/kani/rust-feature-support.html for more details.

warning: Kani currently does not support concurrency. The following constructs will be treated as sequential operations:
             - atomic_xsub (5)
             - atomic_fence (4)
         

    Finished `dev` profile [unoptimized + debuginfo] target(s) in <elapsed>
Checking harness fragment::proofs::prove_binary_continuation_assembly...

VERIFICATION RESULT:
 ** 2 of 1543 failed (10 unreachable)
Failed Checks: assertion failed: message.as_slice() == expected.as_slice()
 File: "connection-core/src/fragment.rs", line 454, in fragment::proofs::prove_binary_continuation_assembly
Failed Checks: assertion failed: fragments.retained_bytes() == expected.len()
 File: "connection-core/src/fragment.rs", line 463, in fragment::proofs::prove_binary_continuation_assembly

VERIFICATION:- FAILED
Verification Time: <elapsed>

Manual Harness Summary:
Verification failed for - fragment::proofs::prove_binary_continuation_assembly
Complete - 0 successfully verified harnesses, 1 failures, 1 total.
