Picked up JAVA_TOOL_OPTIONS: -Dhttp.proxyHost=gateway.docker.internal -Dhttp.proxyPort=3128 -Dhttps.proxyHost=gateway.docker.internal -Dhttps.proxyPort=3128 -Dhttp.nonProxyHosts=localhost|127.*|[::1]|gateway.docker.internal
TLC2 Version 2026.08.21.155922 (rev: 9787e65)
Warning: Please run the Java VM, which executes TLC with a throughput optimized garbage collector, by passing the "-XX:+UseParallelGC" property.
(Use the -nowarning option to disable this warning.)
Running breadth-first search Model-Checking with fp 93 and seed 2301729435291995511 with 1 worker on 2 cores with 512MB heap and 64MB offheap memory [pid: 108] (Linux 7.0.12 aarch64, Ubuntu 25.0.3 64bit, MSBDiskFPSet, DiskStateQueue).
Parsing file /home/agent/tlc/FrameModel.tla
Parsing file /tmp/tlc-16120356416394596261/Integers.tla (jar:file:/home/agent/tlc/tla2tools.jar!/tla2sany/StandardModules/Integers.tla)
Parsing file /tmp/tlc-16120356416394596261/Sequences.tla (jar:file:/home/agent/tlc/tla2tools.jar!/tla2sany/StandardModules/Sequences.tla)
Parsing file /tmp/tlc-16120356416394596261/_TLCTrace.tla (jar:file:/home/agent/tlc/tla2tools.jar!/tla2sany/StandardModules/_TLCTrace.tla)
Parsing file /tmp/tlc-16120356416394596261/Naturals.tla (jar:file:/home/agent/tlc/tla2tools.jar!/tla2sany/StandardModules/Naturals.tla)
Parsing file /tmp/tlc-16120356416394596261/TLC.tla (jar:file:/home/agent/tlc/tla2tools.jar!/tla2sany/StandardModules/TLC.tla)
Parsing file /tmp/tlc-16120356416394596261/TLCExt.tla (jar:file:/home/agent/tlc/tla2tools.jar!/tla2sany/StandardModules/TLCExt.tla)
Parsing file /tmp/tlc-16120356416394596261/FiniteSets.tla (jar:file:/home/agent/tlc/tla2tools.jar!/tla2sany/StandardModules/FiniteSets.tla)
Semantic processing of module Naturals
Semantic processing of module Integers
Semantic processing of module Sequences
Semantic processing of module FiniteSets
Semantic processing of module TLC
Semantic processing of module TLCExt
Semantic processing of module _TLCTrace
Semantic processing of module FrameModel
Linting of module TLCExt
Linting of module _TLCTrace
Linting of module FrameModel
Starting... (2026-08-27 23:58:50)
Implied-temporal checking--satisfiability problem has 1 branches.
Computing initial states...
Finished computing initial states: 2 distinct states generated at 2026-08-27 23:58:50.
Progress(8) at 2026-08-27 23:58:51: 62,226 states generated, 3,618 distinct states found, 0 states left on queue.
Checking temporal properties for the complete state space with 3618 total distinct states at (2026-08-27 23:58:51)
Finished checking temporal properties in 00s at 2026-08-27 23:58:51
Model checking completed. No error has been found.
  Estimates of the probability that TLC did not check all reachable states
  because two distinct states had the same fingerprint:
  calculated (optimistic):  val = 1.1E-11
62226 states generated, 3618 distinct states found, 0 states left on queue.
The depth of the complete state graph search is 8.
The average outdegree of the complete state graph is 1 (minimum is 0, the maximum 31 and the 95th percentile is 1).
Finished in 01s at (2026-08-27 23:58:51)
