Picked up JAVA_TOOL_OPTIONS: -Dhttp.proxyHost=gateway.docker.internal -Dhttp.proxyPort=3128 -Dhttps.proxyHost=gateway.docker.internal -Dhttps.proxyPort=3128 -Dhttp.nonProxyHosts=localhost|127.*|[::1]|gateway.docker.internal
TLC2 Version 2026.08.21.155922 (rev: 9787e65)
Warning: Please run the Java VM, which executes TLC with a throughput optimized garbage collector, by passing the "-XX:+UseParallelGC" property.
(Use the -nowarning option to disable this warning.)
Running breadth-first search Model-Checking with fp 62 and seed -1049254795283624865 with 1 worker on 2 cores with 512MB heap and 64MB offheap memory [pid: 400] (Linux 7.0.12 aarch64, Ubuntu 25.0.3 64bit, MSBDiskFPSet, DiskStateQueue).
Parsing file /home/agent/tlc/mut/close-onebyte/CloseModel.tla
Parsing file /tmp/tlc-9275114288635463768/Integers.tla (jar:file:/home/agent/tlc/tla2tools.jar!/tla2sany/StandardModules/Integers.tla)
Parsing file /tmp/tlc-9275114288635463768/_TLCTrace.tla (jar:file:/home/agent/tlc/tla2tools.jar!/tla2sany/StandardModules/_TLCTrace.tla)
Parsing file /tmp/tlc-9275114288635463768/Naturals.tla (jar:file:/home/agent/tlc/tla2tools.jar!/tla2sany/StandardModules/Naturals.tla)
Parsing file /tmp/tlc-9275114288635463768/TLC.tla (jar:file:/home/agent/tlc/tla2tools.jar!/tla2sany/StandardModules/TLC.tla)
Parsing file /tmp/tlc-9275114288635463768/TLCExt.tla (jar:file:/home/agent/tlc/tla2tools.jar!/tla2sany/StandardModules/TLCExt.tla)
Parsing file /tmp/tlc-9275114288635463768/Sequences.tla (jar:file:/home/agent/tlc/tla2tools.jar!/tla2sany/StandardModules/Sequences.tla)
Parsing file /tmp/tlc-9275114288635463768/FiniteSets.tla (jar:file:/home/agent/tlc/tla2tools.jar!/tla2sany/StandardModules/FiniteSets.tla)
Semantic processing of module Naturals
Semantic processing of module Integers
Semantic processing of module Sequences
Semantic processing of module FiniteSets
Semantic processing of module TLC
Semantic processing of module TLCExt
Semantic processing of module _TLCTrace
Semantic processing of module CloseModel
Linting of module TLCExt
Linting of module _TLCTrace
Linting of module CloseModel
Starting... (2026-08-27 23:58:55)
Implied-temporal checking--satisfiability problem has 1 branches.
Computing initial states...
Finished computing initial states: 1 distinct state generated at 2026-08-27 23:58:56.
Error: Invariant InboundCloseNormalization is violated.
Error: The behavior up to this point is:
State 1: <Initial predicate>
/\ closeDetail = [ origin |-> "none",
  code |-> 0,
  reason |-> "none",
  remote |-> FALSE,
  hsComplete |-> FALSE ]
/\ refusals = FALSE
/\ lastInbound = [code |-> 0, class |-> "none", kind |-> "none"]
/\ state = "NotYetConnected"
/\ lastSend = [ reason |-> "none",
  requested |-> 0,
  normalized |-> 0,
  outcome |-> "none",
  reported |-> 0 ]
/\ terminalEntries = 0
/\ poisoned = FALSE
/\ handshakeDone = FALSE
/\ lastOutbound = [code |-> 0, kind |-> "none", payload |-> "none"]

State 2: <OpenHandshake line 267, col 3 to line 272, col 51 of module CloseModel>
/\ closeDetail = [ origin |-> "none",
  code |-> 0,
  reason |-> "none",
  remote |-> FALSE,
  hsComplete |-> FALSE ]
/\ refusals = FALSE
/\ lastInbound = [code |-> 0, class |-> "none", kind |-> "none"]
/\ state = "Open"
/\ lastSend = [ reason |-> "none",
  requested |-> 0,
  normalized |-> 0,
  outcome |-> "none",
  reported |-> 0 ]
/\ terminalEntries = 0
/\ poisoned = FALSE
/\ handshakeDone = TRUE
/\ lastOutbound = [code |-> 0, kind |-> "none", payload |-> "none"]

State 3: <RecvCloseRejectedOpen("one_byte") line 378, col 3 to line 385, col 51 of module CloseModel>
/\ closeDetail = [ origin |-> "none",
  code |-> 0,
  reason |-> "none",
  remote |-> FALSE,
  hsComplete |-> FALSE ]
/\ refusals = FALSE
/\ lastInbound = [code |-> 1002, class |-> "one_byte", kind |-> "invalid_data"]
/\ state = "Open"
/\ lastSend = [ reason |-> "none",
  requested |-> 0,
  normalized |-> 0,
  outcome |-> "none",
  reported |-> 0 ]
/\ terminalEntries = 0
/\ poisoned = TRUE
/\ handshakeDone = TRUE
/\ lastOutbound = [code |-> 0, kind |-> "none", payload |-> "none"]

38 states generated, 26 distinct states found, 23 states left on queue.
The depth of the complete state graph search is 3.
Finished in 00s at (2026-08-27 23:58:56)
Trace exploration spec path: ./CloseModel_TTrace_1787875135.tla
