Picked up JAVA_TOOL_OPTIONS: -Dhttp.proxyHost=gateway.docker.internal -Dhttp.proxyPort=3128 -Dhttps.proxyHost=gateway.docker.internal -Dhttps.proxyPort=3128 -Dhttp.nonProxyHosts=localhost|127.*|[::1]|gateway.docker.internal
TLC2 Version 2026.08.21.155922 (rev: 9787e65)
Warning: Please run the Java VM, which executes TLC with a throughput optimized garbage collector, by passing the "-XX:+UseParallelGC" property.
(Use the -nowarning option to disable this warning.)
Running breadth-first search Model-Checking with fp 78 and seed -3145509323736694383 with 1 worker on 2 cores with 512MB heap and 64MB offheap memory [pid: 216] (Linux 7.0.12 aarch64, Ubuntu 25.0.3 64bit, MSBDiskFPSet, DiskStateQueue).
Parsing file /home/agent/tlc/mut/frame-liveness/FrameModel.tla
Parsing file /tmp/tlc-743466713448957719/Integers.tla (jar:file:/home/agent/tlc/tla2tools.jar!/tla2sany/StandardModules/Integers.tla)
Parsing file /tmp/tlc-743466713448957719/Sequences.tla (jar:file:/home/agent/tlc/tla2tools.jar!/tla2sany/StandardModules/Sequences.tla)
Parsing file /tmp/tlc-743466713448957719/_TLCTrace.tla (jar:file:/home/agent/tlc/tla2tools.jar!/tla2sany/StandardModules/_TLCTrace.tla)
Parsing file /tmp/tlc-743466713448957719/Naturals.tla (jar:file:/home/agent/tlc/tla2tools.jar!/tla2sany/StandardModules/Naturals.tla)
Parsing file /tmp/tlc-743466713448957719/TLC.tla (jar:file:/home/agent/tlc/tla2tools.jar!/tla2sany/StandardModules/TLC.tla)
Parsing file /tmp/tlc-743466713448957719/TLCExt.tla (jar:file:/home/agent/tlc/tla2tools.jar!/tla2sany/StandardModules/TLCExt.tla)
Parsing file /tmp/tlc-743466713448957719/FiniteSets.tla (jar:file:/home/agent/tlc/tla2tools.jar!/tla2sany/StandardModules/FiniteSets.tla)
Semantic processing of module Naturals
Semantic processing of module Integers
Semantic processing of module Sequences
Semantic processing of module FiniteSets
Semantic processing of module TLC
Semantic processing of module TLCExt
Semantic processing of module _TLCTrace
Semantic processing of module FrameModel
Linting of module TLCExt
Linting of module _TLCTrace
Linting of module FrameModel
Starting... (2026-08-27 23:58:52)
Implied-temporal checking--satisfiability problem has 1 branches.
Computing initial states...
Finished computing initial states: 2 distinct states generated at 2026-08-27 23:58:52.
Progress(8) at 2026-08-27 23:58:53: 62,226 states generated, 3,618 distinct states found, 0 states left on queue.
Checking temporal properties for the complete state space with 3618 total distinct states at (2026-08-27 23:58:53)
Error: Temporal property FramesAlwaysResolve was violated.

Error: The following behavior constitutes a counter-example:

State 1: <Initial predicate>
/\ phase = "idle"
/\ wirePayload = <<>>
/\ allocated = 0
/\ framesDone = 0
/\ semanticPayload = <<>>
/\ maskKey = <<0, 0, 0, 0>>
/\ frame = [ opcode |-> "data",
  marker |-> "inline",
  length |-> "zero",
  masked |-> FALSE,
  fin |-> TRUE,
  rsv |-> FALSE ]
/\ track = "decode"
/\ verdict = [status |-> "none", code |-> 0, consumed |-> 0]

State 2: <StartFrame([opcode |-> "data", marker |-> "ext64", length |-> "zero", masked |-> TRUE, fin |-> TRUE, rsv |-> FALSE]) line 326, col 3 to line 333, col 75 of module FrameModel>
/\ phase = "header"
/\ wirePayload = <<>>
/\ allocated = 0
/\ framesDone = 0
/\ semanticPayload = <<>>
/\ maskKey = <<0, 0, 0, 0>>
/\ frame = [ opcode |-> "data",
  marker |-> "ext64",
  length |-> "zero",
  masked |-> TRUE,
  fin |-> TRUE,
  rsv |-> FALSE ]
/\ track = "decode"
/\ verdict = [status |-> "none", code |-> 0, consumed |-> 0]

State 3: <HeaderAccept line 359, col 3 to line 365, col 43 of module FrameModel>
/\ phase = "payload"
/\ wirePayload = <<>>
/\ allocated = 0
/\ framesDone = 0
/\ semanticPayload = <<>>
/\ maskKey = <<0, 0, 0, 0>>
/\ frame = [ opcode |-> "data",
  marker |-> "ext64",
  length |-> "zero",
  masked |-> TRUE,
  fin |-> TRUE,
  rsv |-> FALSE ]
/\ track = "decode"
/\ verdict = [status |-> "none", code |-> 0, consumed |-> 0]

State 4: Stuttering
Warning: The stuttering counterexample above may be caused by the absence of a fairness constraint in the behavior specification Spec defined at line 458, col 1 to line 458, col 29 of module FrameModel. To rule out such counterexamples, conjoin a suitable fairness constraint to Spec (compare Chapter 8, page 87ff of Specifying Systems at https://lamport.azurewebsites.net/tla/book.html).
Finished checking temporal properties in 00s at 2026-08-27 23:58:53
62226 states generated, 3618 distinct states found, 0 states left on queue.
The depth of the complete state graph search is 8.
Finished in 01s at (2026-08-27 23:58:53)
Trace exploration spec path: ./FrameModel_TTrace_1787875132.tla
