Picked up JAVA_TOOL_OPTIONS: -Dhttp.proxyHost=gateway.docker.internal -Dhttp.proxyPort=3128 -Dhttps.proxyHost=gateway.docker.internal -Dhttps.proxyPort=3128 -Dhttp.nonProxyHosts=localhost|127.*|[::1]|gateway.docker.internal
TLC2 Version 2026.08.21.155922 (rev: 9787e65)
Warning: Please run the Java VM, which executes TLC with a throughput optimized garbage collector, by passing the "-XX:+UseParallelGC" property.
(Use the -nowarning option to disable this warning.)
Running breadth-first search Model-Checking with fp 64 and seed 3265192210373724836 with 1 worker on 2 cores with 512MB heap and 64MB offheap memory [pid: 906] (Linux 7.0.12 aarch64, Ubuntu 25.0.3 64bit, MSBDiskFPSet, DiskStateQueue).
Parsing file /home/agent/tlc/work/mut/defect.close.poison-recoverable/CloseModel.tla
Parsing file /tmp/tlc-4126499105102394442/Integers.tla (jar:file:/home/agent/tlc/tla2tools.jar!/tla2sany/StandardModules/Integers.tla)
Parsing file /tmp/tlc-4126499105102394442/_TLCTrace.tla (jar:file:/home/agent/tlc/tla2tools.jar!/tla2sany/StandardModules/_TLCTrace.tla)
Parsing file /tmp/tlc-4126499105102394442/Naturals.tla (jar:file:/home/agent/tlc/tla2tools.jar!/tla2sany/StandardModules/Naturals.tla)
Parsing file /tmp/tlc-4126499105102394442/TLC.tla (jar:file:/home/agent/tlc/tla2tools.jar!/tla2sany/StandardModules/TLC.tla)
Parsing file /tmp/tlc-4126499105102394442/TLCExt.tla (jar:file:/home/agent/tlc/tla2tools.jar!/tla2sany/StandardModules/TLCExt.tla)
Parsing file /tmp/tlc-4126499105102394442/Sequences.tla (jar:file:/home/agent/tlc/tla2tools.jar!/tla2sany/StandardModules/Sequences.tla)
Parsing file /tmp/tlc-4126499105102394442/FiniteSets.tla (jar:file:/home/agent/tlc/tla2tools.jar!/tla2sany/StandardModules/FiniteSets.tla)
Semantic processing of module Naturals
Semantic processing of module Integers
Semantic processing of module Sequences
Semantic processing of module FiniteSets
Semantic processing of module TLC
Semantic processing of module TLCExt
Semantic processing of module _TLCTrace
Semantic processing of module CloseModel
Linting of module TLCExt
Linting of module _TLCTrace
Linting of module CloseModel
Starting... (2026-08-28 00:41:42)
Implied-temporal checking--satisfiability problem has 1 branches.
Computing initial states...
Finished computing initial states: 1 distinct state generated at 2026-08-28 00:41:42.
Error: Action property PoisonAbsorbing is violated.
Error: The behavior up to this point is:
State 1: <Initial predicate>
/\ closeDetail = [ origin |-> "none",
  code |-> 0,
  reason |-> "none",
  remote |-> FALSE,
  hsComplete |-> FALSE ]
/\ refusals = FALSE
/\ lastInbound = [code |-> 0, class |-> "none", kind |-> "none"]
/\ state = "NotYetConnected"
/\ lastSend = [ reason |-> "none",
  requested |-> 0,
  normalized |-> 0,
  outcome |-> "none",
  reported |-> 0 ]
/\ terminalEntries = 0
/\ poisoned = FALSE
/\ handshakeDone = FALSE
/\ lastOutbound = [code |-> 0, kind |-> "none", payload |-> "none"]

State 2: <PreOpenSendClose(1000,"empty") line 314, col 3 to line 321, col 51 of module CloseModel>
/\ closeDetail = [ origin |-> "local",
  code |-> -1,
  reason |-> "empty",
  remote |-> FALSE,
  hsComplete |-> FALSE ]
/\ refusals = FALSE
/\ lastInbound = [code |-> 0, class |-> "none", kind |-> "none"]
/\ state = "Closing"
/\ lastSend = [ reason |-> "none",
  requested |-> 0,
  normalized |-> 0,
  outcome |-> "none",
  reported |-> 0 ]
/\ terminalEntries = 0
/\ poisoned = FALSE
/\ handshakeDone = FALSE
/\ lastOutbound = [code |-> 0, kind |-> "none", payload |-> "none"]

State 3: <RecvCloseRejectedWhileClosing("code_1007_empty_reason") line 441, col 3 to line 448, col 51 of module CloseModel>
/\ closeDetail = [ origin |-> "local",
  code |-> -1,
  reason |-> "empty",
  remote |-> FALSE,
  hsComplete |-> FALSE ]
/\ refusals = FALSE
/\ lastInbound = [code |-> 1007, class |-> "code_1007_empty_reason", kind |-> "invalid_data"]
/\ state = "Closing"
/\ lastSend = [ reason |-> "none",
  requested |-> 0,
  normalized |-> 0,
  outcome |-> "none",
  reported |-> 0 ]
/\ terminalEntries = 0
/\ poisoned = TRUE
/\ handshakeDone = FALSE
/\ lastOutbound = [code |-> 0, kind |-> "none", payload |-> "none"]

State 4: <TransportEof line 485, col 3 to line 497, col 37 of module CloseModel>
/\ closeDetail = [ origin |-> "transport",
  code |-> -1,
  reason |-> "empty",
  remote |-> TRUE,
  hsComplete |-> FALSE ]
/\ refusals = FALSE
/\ lastInbound = [code |-> 1007, class |-> "code_1007_empty_reason", kind |-> "invalid_data"]
/\ state = "Closed"
/\ lastSend = [ reason |-> "none",
  requested |-> 0,
  normalized |-> 0,
  outcome |-> "none",
  reported |-> 0 ]
/\ terminalEntries = 1
/\ poisoned = TRUE
/\ handshakeDone = FALSE
/\ lastOutbound = [code |-> 0, kind |-> "none", payload |-> "none"]

186 states generated, 132 distinct states found, 97 states left on queue.
The depth of the complete state graph search is 4.
Finished in 00s at (2026-08-28 00:41:42)
Trace exploration spec path: ./CloseModel_TTrace_1787877702.tla
