Picked up JAVA_TOOL_OPTIONS: -Dhttp.proxyHost=gateway.docker.internal -Dhttp.proxyPort=3128 -Dhttps.proxyHost=gateway.docker.internal -Dhttps.proxyPort=3128 -Dhttp.nonProxyHosts=localhost|127.*|[::1]|gateway.docker.internal
TLC2 Version 2026.08.21.155922 (rev: 9787e65)
Warning: Please run the Java VM, which executes TLC with a throughput optimized garbage collector, by passing the "-XX:+UseParallelGC" property.
(Use the -nowarning option to disable this warning.)
Running breadth-first search Model-Checking with fp 54 and seed 21827022365535349 with 1 worker on 2 cores with 512MB heap and 64MB offheap memory [pid: 392] (Linux 7.0.12 aarch64, Ubuntu 25.0.3 64bit, MSBDiskFPSet, DiskStateQueue).
Parsing file /home/agent/tlc/work/mut/defect.frame.late-length-gate/FrameModel.tla
Parsing file /tmp/tlc-1628725322587989114/Integers.tla (jar:file:/home/agent/tlc/tla2tools.jar!/tla2sany/StandardModules/Integers.tla)
Parsing file /tmp/tlc-1628725322587989114/Sequences.tla (jar:file:/home/agent/tlc/tla2tools.jar!/tla2sany/StandardModules/Sequences.tla)
Parsing file /tmp/tlc-1628725322587989114/_TLCTrace.tla (jar:file:/home/agent/tlc/tla2tools.jar!/tla2sany/StandardModules/_TLCTrace.tla)
Parsing file /tmp/tlc-1628725322587989114/Naturals.tla (jar:file:/home/agent/tlc/tla2tools.jar!/tla2sany/StandardModules/Naturals.tla)
Parsing file /tmp/tlc-1628725322587989114/TLC.tla (jar:file:/home/agent/tlc/tla2tools.jar!/tla2sany/StandardModules/TLC.tla)
Parsing file /tmp/tlc-1628725322587989114/TLCExt.tla (jar:file:/home/agent/tlc/tla2tools.jar!/tla2sany/StandardModules/TLCExt.tla)
Parsing file /tmp/tlc-1628725322587989114/FiniteSets.tla (jar:file:/home/agent/tlc/tla2tools.jar!/tla2sany/StandardModules/FiniteSets.tla)
Semantic processing of module Naturals
Semantic processing of module Integers
Semantic processing of module Sequences
Semantic processing of module FiniteSets
Semantic processing of module TLC
Semantic processing of module TLCExt
Semantic processing of module _TLCTrace
Semantic processing of module FrameModel
Linting of module TLCExt
Linting of module _TLCTrace
Linting of module FrameModel
Starting... (2026-08-28 00:41:32)
Implied-temporal checking--satisfiability problem has 1 branches.
Computing initial states...
Finished computing initial states: 2 distinct states generated at 2026-08-28 00:41:32.
Error: Invariant OverCapRejectedAtLengthSite is violated.
Error: The behavior up to this point is:
State 1: <Initial predicate>
/\ phase = "idle"
/\ wirePayload = <<>>
/\ allocated = 0
/\ framesDone = 0
/\ semanticPayload = <<>>
/\ maskKey = <<0, 0, 0, 0>>
/\ frame = [ opcode |-> "data",
  marker |-> "inline",
  length |-> "zero",
  masked |-> FALSE,
  fin |-> TRUE,
  rsv |-> FALSE ]
/\ track = "decode"
/\ verdict = [status |-> "none", code |-> 0, consumed |-> 0]

State 2: <StartFrame([opcode |-> "data", marker |-> "ext16", length |-> "over_cap", masked |-> FALSE, fin |-> FALSE, rsv |-> FALSE]) line 326, col 3 to line 333, col 75 of module FrameModel>
/\ phase = "header"
/\ wirePayload = <<>>
/\ allocated = 0
/\ framesDone = 0
/\ semanticPayload = <<>>
/\ maskKey = <<0, 0, 0, 0>>
/\ frame = [ opcode |-> "data",
  marker |-> "ext16",
  length |-> "over_cap",
  masked |-> FALSE,
  fin |-> FALSE,
  rsv |-> FALSE ]
/\ track = "decode"
/\ verdict = [status |-> "none", code |-> 0, consumed |-> 0]

State 3: <HeaderReject line 343, col 3 to line 349, col 43 of module FrameModel>
/\ phase = "done"
/\ wirePayload = <<>>
/\ allocated = 0
/\ framesDone = 0
/\ semanticPayload = <<>>
/\ maskKey = <<0, 0, 0, 0>>
/\ frame = [ opcode |-> "data",
  marker |-> "ext16",
  length |-> "over_cap",
  masked |-> FALSE,
  fin |-> FALSE,
  rsv |-> FALSE ]
/\ track = "decode"
/\ verdict = [status |-> "rejected", code |-> 1009, consumed |-> 65541]

1291 states generated, 1291 distinct states found, 1247 states left on queue.
The depth of the complete state graph search is 3.
Finished in 00s at (2026-08-28 00:41:33)
Trace exploration spec path: ./FrameModel_TTrace_1787877692.tla
