Kani Rust Verifier 0.67.0 (cargo plugin)
CBMC 6.11.0
warning: use of an unstable feature
 --> <crate attribute>:1:12
  |
1 | #![feature(register_tool)]
  |            ^^^^^^^^^^^^^
  |
  = note: requested on the command line with `--force-warn unstable-features`

warning: Found the following unsupported constructs:
             - caller_location (1)
             - foreign function (1)
         
         Verification will fail if one or more of these constructs is reachable.
         See https://model-checking.github.io/kani/rust-feature-support.html for more details.

    Finished `dev` profile [unoptimized + debuginfo] target(s) in <elapsed>
Checking harness frame::decode::proofs::prove_length_canonical_7...

VERIFICATION RESULT:
 ** 0 of 356 failed (4 unreachable)

VERIFICATION:- SUCCESSFUL
Verification Time: <elapsed>

Manual Harness Summary:
Complete - 1 successfully verified harnesses, 0 failures, 1 total.
