Kani Rust Verifier 0.67.0 (cargo plugin)
CBMC 6.11.0
   Compiling websocket-core v0.0.0 (<staged-workspace>/subject/rust/connection-core)
warning: use of an unstable feature
 --> <crate attribute>:1:12
  |
1 | #![feature(register_tool)]
  |            ^^^^^^^^^^^^^
  |
  = note: requested on the command line with `--force-warn unstable-features`

warning: Found the following unsupported constructs:
             - caller_location (1)
             - foreign function (1)
         
         Verification will fail if one or more of these constructs is reachable.
         See https://model-checking.github.io/kani/rust-feature-support.html for more details.

    Finished `dev` profile [unoptimized + debuginfo] target(s) in <elapsed>
Checking harness frame::mask::proofs::prove_mask_involution...

VERIFICATION RESULT:
 ** 1 of 111 failed (1 unreachable)
Failed Checks: assertion failed: output == input
 File: "connection-core/src/frame/mask.rs", line 49, in frame::mask::proofs::prove_mask_involution

VERIFICATION:- FAILED
Verification Time: <elapsed>

Manual Harness Summary:
Verification failed for - frame::mask::proofs::prove_mask_involution
Complete - 0 successfully verified harnesses, 1 failures, 1 total.
