Kani Rust Verifier 0.67.0 (cargo plugin)
CBMC 6.11.0
   Compiling websocket-core v0.0.0 (<staged-workspace>/subject/rust/connection-core)
warning: use of an unstable feature
 --> <crate attribute>:1:12
  |
1 | #![feature(register_tool)]
  |            ^^^^^^^^^^^^^
  |
  = note: requested on the command line with `--force-warn unstable-features`

warning: Found the following unsupported constructs:
             - caller_location (1)
             - foreign function (1)
         
         Verification will fail if one or more of these constructs is reachable.
         See https://model-checking.github.io/kani/rust-feature-support.html for more details.

    Finished `dev` profile [unoptimized + debuginfo] target(s) in <elapsed>
Checking harness frame::decode::proofs::prove_preallocation_cap...

VERIFICATION RESULT:
 ** 2 of 355 failed (2 unreachable)
Failed Checks: assertion failed: matches!(result,
Err(FailureKind::LimitExceeded
{ limit: LimitKind::TotalBufferedBytes, attempted, maximum: 512, }) if
attempted ==
u64::try_from(retained_payload_bytes + usize::from(payload_length)).unwrap())
 File: "connection-core/src/frame/decode.rs", line 511, in frame::decode::proofs::prove_preallocation_cap
Failed Checks: assertion failed: matches!(result, Ok(FrameHeaderDecode::Complete(_)))
 File: "connection-core/src/frame/decode.rs", line 522, in frame::decode::proofs::prove_preallocation_cap

VERIFICATION:- FAILED
Verification Time: <elapsed>

Manual Harness Summary:
Verification failed for - frame::decode::proofs::prove_preallocation_cap
Complete - 0 successfully verified harnesses, 1 failures, 1 total.
