Picked up JAVA_TOOL_OPTIONS: -Dhttp.proxyHost=gateway.docker.internal -Dhttp.proxyPort=3128 -Dhttps.proxyHost=gateway.docker.internal -Dhttps.proxyPort=3128 -Dhttp.nonProxyHosts=localhost|127.*|[::1]|gateway.docker.internal
TLC2 Version 2026.08.21.155922 (rev: 9787e65)
Running breadth-first search Model-Checking with fp 0 and seed 20260828 with 2 workers on 2 cores with 455MB heap and 64MB offheap memory [pid: 1075] (Linux 7.0.12 aarch64, Ubuntu 25.0.4 64bit, MSBDiskFPSet, DiskStateQueue).
Parsing file /tmp/tlc-work-final-4dc9582/ConnectionModel.tla
Parsing file /tmp/tlc-7250898093749080948/Naturals.tla (jar:file:/tmp/tlaplus-v1.8.0/tla2tools.jar!/tla2sany/StandardModules/Naturals.tla)
Parsing file /tmp/tlc-7250898093749080948/Sequences.tla (jar:file:/tmp/tlaplus-v1.8.0/tla2tools.jar!/tla2sany/StandardModules/Sequences.tla)
Parsing file /tmp/tlc-7250898093749080948/FiniteSets.tla (jar:file:/tmp/tlaplus-v1.8.0/tla2tools.jar!/tla2sany/StandardModules/FiniteSets.tla)
Parsing file /tmp/tlc-7250898093749080948/_TLCTrace.tla (jar:file:/tmp/tlaplus-v1.8.0/tla2tools.jar!/tla2sany/StandardModules/_TLCTrace.tla)
Parsing file /tmp/tlc-7250898093749080948/TLC.tla (jar:file:/tmp/tlaplus-v1.8.0/tla2tools.jar!/tla2sany/StandardModules/TLC.tla)
Parsing file /tmp/tlc-7250898093749080948/TLCExt.tla (jar:file:/tmp/tlaplus-v1.8.0/tla2tools.jar!/tla2sany/StandardModules/TLCExt.tla)
Parsing file /tmp/tlc-7250898093749080948/Integers.tla (jar:file:/tmp/tlaplus-v1.8.0/tla2tools.jar!/tla2sany/StandardModules/Integers.tla)
Semantic processing of module Naturals
Semantic processing of module Sequences
Semantic processing of module FiniteSets
Semantic processing of module TLC
Semantic processing of module Integers
Semantic processing of module TLCExt
Semantic processing of module _TLCTrace
Semantic processing of module ConnectionModel
Linting of module TLCExt
Linting of module _TLCTrace
Linting of module ConnectionModel
Starting... (2026-08-28 16:46:55)
Implied-temporal checking--satisfiability problem has 3 branches.
Computing initial states...
Finished computing initial states: 1 distinct state generated at 2026-08-28 16:46:56.
Progress(17) at 2026-08-28 16:46:56: 2,424 states generated, 685 distinct states found, 0 states left on queue.
Checking 3 branches of temporal properties for the complete state space with 2055 total distinct states at (2026-08-28 16:46:56)
Finished checking temporal properties in 00s at 2026-08-28 16:46:56
Model checking completed. No error has been found.
  Estimates of the probability that TLC did not check all reachable states
  because two distinct states had the same fingerprint:
  calculated (optimistic):  val = 6.5E-14
2424 states generated, 685 distinct states found, 0 states left on queue.
The depth of the complete state graph search is 17.
The average outdegree of the complete state graph is 1 (minimum is 0, the maximum 5 and the 95th percentile is 3).
Finished in 00s at (2026-08-28 16:46:56)
