Kani Rust Verifier 0.67.0 (cargo plugin)
CBMC 6.11.0
   Compiling websocket-core v0.0.0 (<staged-workspace>/subject/rust/connection-core)
warning: use of an unstable feature
 --> <crate attribute>:1:12
  |
1 | #![feature(register_tool)]
  |            ^^^^^^^^^^^^^
  |
  = note: requested on the command line with `--force-warn unstable-features`

warning: Found the following unsupported constructs:
             - caller_location (1)
             - foreign function (1)
         
         Verification will fail if one or more of these constructs is reachable.
         See https://model-checking.github.io/kani/rust-feature-support.html for more details.

    Finished `dev` profile [unoptimized + debuginfo] target(s) in <elapsed>
Checking harness frame::decode::proofs::prove_role_masking...

VERIFICATION RESULT:
 ** 2 of 364 failed (4 unreachable)
Failed Checks: assertion failed: matches!(result, Ok(FrameHeaderDecode::Complete(header)) if header.masked() ==
actual_masked && header.header_length() == if actual_masked { 6 } else { 2 })
 File: "connection-core/src/frame/decode.rs", line 454, in frame::decode::proofs::prove_role_masking
Failed Checks: assertion failed: matches!(result,
Err(FailureKind::Frame(FrameFailure::IncorrectMasking
{ expected_masked: observed_expected, actual_masked: observed_actual, })) if
observed_expected == expected_masked && observed_actual == actual_masked)
 File: "connection-core/src/frame/decode.rs", line 461, in frame::decode::proofs::prove_role_masking

VERIFICATION:- FAILED
Verification Time: <elapsed>

Manual Harness Summary:
Verification failed for - frame::decode::proofs::prove_role_masking
Complete - 0 successfully verified harnesses, 1 failures, 1 total.
