Kani Rust Verifier 0.67.0 (cargo plugin)
CBMC 6.11.0
warning: use of an unstable feature
 --> <crate attribute>:1:12
  |
1 | #![feature(register_tool)]
  |            ^^^^^^^^^^^^^
  |
  = note: requested on the command line with `--force-warn unstable-features`

warning: Found the following unsupported constructs:
             - caller_location (1)
             - foreign function (2)
         
         Verification will fail if one or more of these constructs is reachable.
         See https://model-checking.github.io/kani/rust-feature-support.html for more details.

warning: Kani currently does not support concurrency. The following constructs will be treated as sequential operations:
             - atomic_xsub (5)
             - atomic_fence (4)
             - atomic_xadd (5)
         

    Finished `dev` profile [unoptimized + debuginfo] target(s) in <elapsed>
Checking harness control::proofs::prove_ping_pong_policy_and_encoding...

VERIFICATION RESULT:
 ** 0 of 1127 failed (11 unreachable)

VERIFICATION:- SUCCESSFUL
Verification Time: <elapsed>

Manual Harness Summary:
Complete - 1 successfully verified harnesses, 0 failures, 1 total.
